echo custom template > init.md
ADR_INIT_TEMPLATE=init.md adr init
doc/adr/0001-record-architecture-decisions.md
ls doc/adr
0001-record-architecture-decisions.md
cat doc/adr/0001-record-architecture-decisions.md
custom template
